8363.592]
(c) 2019 Microsoft Corporation. All rights reserved.

C:\Users\my\eclipse-workspace\GitDemoSagar9Sept>git init
Initialized empty Git repository in C:/Users/my/eclipse-workspace/GitDemoSagar9Sept/.git/

C:\Users\my\eclipse-workspace\GitDemoSagar9Sept>git add .

C:\Users\my\eclipse-workspace\GitDemoSagar9Sept>git commit -m "added testing"
[master (root-commit) 15299cb] added testing
 11 files changed, 79 insertions(+)
 create mode 100644 .classpath
 create mode 100644 .project
 create mode 100644 .settings/org.eclipse.jdt.core.prefs
 create mode 100644 bin/pages/HomePage.class
 create mode 100644 bin/pages/loginPages.class
 create mode 100644 bin/testclasses/Homepagetest.class
 create mode 100644 bin/testclasses/LoginTest.class
 create mode 100644 src/pages/HomePage.java
 create mode 100644 src/pages/loginPages.java
 create mode 100644 src/testclasses/Homepagetest.java
 create mode 100644 src/testclasses/LoginTest.java

C:\Users\my\eclipse-workspace\GitDemoSagar9Sept>git remote add origin https://github.com/jenkinuser08/9SeptGitSagarDemo.git

C:\Users\my\eclipse-workspace\GitDemoSagar9Sept>git push origin master
Enumerating objects: 20, done.
Counting objects: 100% (20/20), done.
Delta compression using up to 4 threads
Compressing objects: 100% (20/20), done.
Writing objects: 100% (20/20), 2.66 KiB | 340.00 KiB/s, done.
Total 20 (delta 2), reused 0 (delta 0), pack-reused 0
remote: Resolving deltas: 100% (2/2), done.
To https://github.com/jenkinuser08/9SeptGitSagarDemo.git
 * [new branch]      master -> master

C:\Users\my\eclipse-workspace\GitDemoSagar9Sept>git status
On branch master
nothing to commit, working tree clean

C:\Users\my\eclipse-workspace\GitDemoSagar9Sept>git pull origin master
remote: Enumerating objects: 8, done.
remote: Counting objects: 100% (8/8), done.
remote: Compressing objects: 100% (4/4), done.
remote: Total 5 (delta 1), reused 5 (delta 1), pack-reused 0
Unpacking objects: 100% (5/5), 467 bytes | 1024 bytes/s, done.
From https://github.com/jenkinuser08/9SeptGitSagarDemo
 * branch            master     -> FETCH_HEAD
   15299cb..f8da9a7  master     -> origin/master
Updating 15299cb..f8da9a7
Fast-forward
 src/testclasses/BaseTest.java | 5 +++++
 1 file changed, 5 insertions(+)
 create mode 100644 src/testclasses/BaseTest.java

C:\Users\my\eclipse-workspace\GitDemoSagar9Sept>git status
On branch master
Changes not staged for commit:
  (use "git add <file>..." to update what will be committed)
  (use "git restore <file>..." to discard changes in working directory)
        modified:   src/testclasses/BaseTest.java

Untracked files:
  (use "git add <file>..." to include in what will be committed)
        bin/testclasses/BaseTest.class

no changes added to commit (use "git add" and/or "git commit -a")

C:\Users\my\eclipse-workspace\GitDemoSagar9Sept>git add .

C:\Users\my\eclipse-workspace\GitDemoSagar9Sept>git commit -m "modified baseatest"
[master 1b74923] modified baseatest
 2 files changed, 1 insertion(+), 1 deletion(-)
 create mode 100644 bin/testclasses/BaseTest.class

C:\Users\my\eclipse-workspace\GitDemoSagar9Sept>git push origin master
Enumerating objects: 14, done.
Counting objects: 100% (14/14), done.
Delta compression using up to 4 threads
Compressing objects: 100% (7/7), done.
Writing objects: 100% (8/8), 920 bytes | 230.00 KiB/s, done.
Total 8 (delta 1), reused 0 (delta 0), pack-reused 0
remote: Resolving deltas: 100% (1/1), completed with 1 local object.
To https://github.com/jenkinuser08/9SeptGitSagarDemo.git
   f8da9a7..1b74923  master -> master

C:\Users\my\eclipse-workspace\GitDemoSagar9Sept>

2)user
Microsoft Windows [Version 10.0.18363.592]
(c) 2019 Microsoft Corporation. All rights reserved.

G:\3rdfolder>git clone https://github.com/jenkinuser08/9SeptGitSagarDemo.git
Cloning into '9SeptGitSagarDemo'...
remote: Enumerating objects: 20, done.
remote: Counting objects: 100% (20/20), done.
remote: Compressing objects: 100% (18/18), done.
remote: Total 20 (delta 2), reused 20 (delta 2), pack-reused 0
Receiving objects: 100% (20/20), done.
Resolving deltas: 100% (2/2), done.

G:\3rdfolder>cd 9SeptGitSagarDemo

G:\3rdfolder\9SeptGitSagarDemo>git status
On branch master
Your branch is up to date with 'origin/master'.

Untracked files:
  (use "git add <file>..." to include in what will be committed)
        src/testclasses/BaseTest.java

nothing added to commit but untracked files present (use "git add" to track)

G:\3rdfolder\9SeptGitSagarDemo>git add .

G:\3rdfolder\9SeptGitSagarDemo>git commit -m "Added Basetest"
[master f8da9a7] Added Basetest
 1 file changed, 5 insertions(+)
 create mode 100644 src/testclasses/BaseTest.java

G:\3rdfolder\9SeptGitSagarDemo>git push origin master
Enumerating objects: 8, done.
Counting objects: 100% (8/8), done.
Delta compression using up to 4 threads
Compressing objects: 100% (5/5), done.
Writing objects: 100% (5/5), 487 bytes | 487.00 KiB/s, done.
Total 5 (delta 1), reused 0 (delta 0), pack-reused 0
remote: Resolving deltas: 100% (1/1), completed with 1 local object.
To https://github.com/jenkinuser08/9SeptGitSagarDemo.git
   15299cb..f8da9a7  master -> master

G:\3rdfolder\9SeptGitSagarDemo>git pull origin master
From https://github.com/jenkinuser08/9SeptGitSagarDemo
 * branch            master     -> FETCH_HEAD
Already up to date.

G:\3rdfolder\9SeptGitSagarDemo>git pull origin master
From https://github.com/jenkinuser08/9SeptGitSagarDemo
 * branch            master     -> FETCH_HEAD
Already up to date.

G:\3rdfolder\9SeptGitSagarDemo>git fetch origin master
remote: Enumerating objects: 14, done.
remote: Counting objects: 100% (14/14), done.
remote: Compressing objects: 100% (6/6), done.
remote: Total 8 (delta 1), reused 8 (delta 1), pack-reused 0
Unpacking objects: 100% (8/8), 900 bytes | 1024 bytes/s, done.
From https://github.com/jenkinuser08/9SeptGitSagarDemo
 * branch            master     -> FETCH_HEAD
   f8da9a7..1b74923  master     -> origin/master

G:\3rdfolder\9SeptGitSagarDemo>git merge
Updating f8da9a7..1b74923
Fast-forward
 bin/testclasses/BaseTest.class | Bin 0 -> 273 bytes
 src/testclasses/BaseTest.java  |   2 +-
 2 files changed, 1 insertion(+), 1 deletion(-)
 create mode 100644 bin/testclasses/BaseTest.class

G:\3rdfolder\9SeptGitSagarDemo>